Table: weighbridgetransactions | Error: The specified schema name "kenloadv2" either does not exist or you do not have permission to use it. | Timestamp: 22/03/2025 19:47:22
Table: weighbridgetransactions | Error: The specified schema name "kenloadv2" either does not exist or you do not have permission to use it. | Timestamp: 22/03/2025 19:47:22
Table: weighbridgetransactions | Error: The specified schema name "kenloadv2" either does not exist or you do not have permission to use it. | Timestamp: 22/03/2025 19:47:23
Table: weighbridgetransactions | Error: The specified schema name "kenloadv2" either does not exist or you do not have permission to use it. | Timestamp: 22/03/2025 19:47:23
Table: weighbridgetransactions | Error: The specified schema name "kenloadv2" either does not exist or you do not have permission to use it. | Timestamp: 22/03/2025 19:47:24
Table: weighbridgetransactions | Error: The specified schema name "kenloadv2" either does not exist or you do not have permission to use it. | Timestamp: 22/03/2025 19:47:24
Table: weighbridgetransactions | Error: The specified schema name "kenloadv2" either does not exist or you do not have permission to use it. | Timestamp: 22/03/2025 19:47:24
Table: weighbridgetransactions | Error: The specified schema name "kenloadv2" either does not exist or you do not have permission to use it. | Timestamp: 22/03/2025 19:47:25
Table: weighbridgetransactions | Error: The specified schema name "kenloadv2" either does not exist or you do not have permission to use it. | Timestamp: 22/03/2025 19:47:25
Table: weighbridgetransactions | Error: The specified schema name "kenloadv2" either does not exist or you do not have permission to use it. | Timestamp: 22/03/2025 19:47:26
Table: weighbridgetransactions | Error: The specified schema name "kenloadv2" either does not exist or you do not have permission to use it. | Timestamp: 22/03/2025 19:47:26
Table: weighbridgetransactions | Error: The specified schema name "kenloadv2" either does not exist or you do not have permission to use it. | Timestamp: 22/03/2025 19:47:26
Table: weighbridgetransactions | Error: The specified schema name "kenloadv2" either does not exist or you do not have permission to use it. | Timestamp: 22/03/2025 19:47:27
Table: weighbridgetransactions | Error: The specified schema name "kenloadv2" either does not exist or you do not have permission to use it. | Timestamp: 22/03/2025 19:47:27
Table: weighbridgetransactions | Error: The specified schema name "kenloadv2" either does not exist or you do not have permission to use it. | Timestamp: 22/03/2025 19:47:28
Table: weighbridgetransactions | Error: The specified schema name "kenloadv2" either does not exist or you do not have permission to use it. | Timestamp: 22/03/2025 19:47:28
Table: weighbridgetransactions | Error: The specified schema name "kenloadv2" either does not exist or you do not have permission to use it. | Timestamp: 22/03/2025 19:47:28
Table: weighbridgetransactions | Error: The specified schema name "kenloadv2" either does not exist or you do not have permission to use it. | Timestamp: 22/03/2025 19:47:29
Table: weighbridgetransactions | Error: The specified schema name "kenloadv2" either does not exist or you do not have permission to use it. | Timestamp: 22/03/2025 19:47:30
Table: weighbridgetransactions | Error: The specified schema name "kenloadv2" either does not exist or you do not have permission to use it. | Timestamp: 22/03/2025 19:47:30
Table: weighbridgetransactions | Error: The specified schema name "kenloadv2" either does not exist or you do not have permission to use it. | Timestamp: 22/03/2025 19:47:31
Table: weighbridgetransactions | Error: The specified schema name "kenloadv2" either does not exist or you do not have permission to use it. | Timestamp: 22/03/2025 19:47:32
Table: weighbridgetransactions | Error: The specified schema name "kenloadv2" either does not exist or you do not have permission to use it. | Timestamp: 22/03/2025 19:47:32
Table: weighbridgetransactions | Error: The specified schema name "kenloadv2" either does not exist or you do not have permission to use it. | Timestamp: 22/03/2025 19:47:33
Table: weighbridgetransactions | Error: The specified schema name "kenloadv2" either does not exist or you do not have permission to use it. | Timestamp: 22/03/2025 19:47:34
Table: weighbridgetransactions | Error: The specified schema name "kenloadv2" either does not exist or you do not have permission to use it. | Timestamp: 22/03/2025 19:47:35
Table: weighbridgetransactions | Error: The specified schema name "kenloadv2" either does not exist or you do not have permission to use it. | Timestamp: 22/03/2025 19:47:35
Table: weighbridgetransactions | Error: The specified schema name "kenloadv2" either does not exist or you do not have permission to use it. | Timestamp: 22/03/2025 19:47:35
Table: weighbridgetransactions | Error: The specified schema name "kenloadv2" either does not exist or you do not have permission to use it. | Timestamp: 22/03/2025 19:47:36
Table: weighbridgetransactions | Error: The specified schema name "kenloadv2" either does not exist or you do not have permission to use it. | Timestamp: 22/03/2025 19:47:36
Table: weighbridgetransactions | Error: The specified schema name "kenloadv2" either does not exist or you do not have permission to use it. | Timestamp: 22/03/2025 19:47:36
Table: weighbridgetransactions | Error: The specified schema name "kenloadv2" either does not exist or you do not have permission to use it. | Timestamp: 22/03/2025 19:47:37
Table: weighbridgetransactions | Error: The specified schema name "kenloadv2" either does not exist or you do not have permission to use it. | Timestamp: 22/03/2025 19:47:37
Table: weighbridgetransactions | Error: The specified schema name "kenloadv2" either does not exist or you do not have permission to use it. | Timestamp: 22/03/2025 19:47:37
Table: weighbridgetransactions | Error: The specified schema name "kenloadv2" either does not exist or you do not have permission to use it. | Timestamp: 22/03/2025 19:47:38
Table: weighbridgetransactions | Error: The specified schema name "kenloadv2" either does not exist or you do not have permission to use it. | Timestamp: 22/03/2025 19:47:38
Table: weighbridgetransactions | Error: The specified schema name "kenloadv2" either does not exist or you do not have permission to use it. | Timestamp: 22/03/2025 19:47:38
Table: weighbridgetransactions | Error: The specified schema name "kenloadv2" either does not exist or you do not have permission to use it. | Timestamp: 22/03/2025 19:47:39
Table: weighbridgetransactions | Error: The specified schema name "kenloadv2" either does not exist or you do not have permission to use it. | Timestamp: 22/03/2025 19:47:39
Table: weighbridgetransactions | Error: The specified schema name "kenloadv2" either does not exist or you do not have permission to use it. | Timestamp: 22/03/2025 19:47:40
Table: weighbridgetransactions | Error: The specified schema name "kenloadv2" either does not exist or you do not have permission to use it. | Timestamp: 22/03/2025 19:47:40
Table: weighbridgetransactions | Error: The specified schema name "kenloadv2" either does not exist or you do not have permission to use it. | Timestamp: 22/03/2025 19:47:40
Table: weighbridgetransactions | Error: The specified schema name "kenloadv2" either does not exist or you do not have permission to use it. | Timestamp: 22/03/2025 19:47:41
Table: weighbridgetransactions | Error: The specified schema name "kenloadv2" either does not exist or you do not have permission to use it. | Timestamp: 22/03/2025 19:47:41
Table: weighbridgetransactions | Error: The specified schema name "kenloadv2" either does not exist or you do not have permission to use it. | Timestamp: 22/03/2025 19:47:41
Table: weighbridgetransactions | Error: The specified schema name "kenloadv2" either does not exist or you do not have permission to use it. | Timestamp: 22/03/2025 19:47:41
Table: weighbridgetransactions | Error: The specified schema name "kenloadv2" either does not exist or you do not have permission to use it. | Timestamp: 22/03/2025 19:47:42
Table: weighbridgetransactions | Error: The specified schema name "kenloadv2" either does not exist or you do not have permission to use it. | Timestamp: 22/03/2025 19:47:42
Table: weighbridgetransactions | Error: The specified schema name "kenloadv2" either does not exist or you do not have permission to use it. | Timestamp: 22/03/2025 19:47:42
Table: weighbridgetransactions | Error: The specified schema name "kenloadv2" either does not exist or you do not have permission to use it. | Timestamp: 22/03/2025 19:47:43
Table: weighbridgetransactions | Error: The specified schema name "kenloadv2" either does not exist or you do not have permission to use it. | Timestamp: 22/03/2025 19:47:43
Table: weighbridgetransactions | Error: The specified schema name "kenloadv2" either does not exist or you do not have permission to use it. | Timestamp: 22/03/2025 19:47:43
Table: weighbridgetransactions | Error: The specified schema name "kenloadv2" either does not exist or you do not have permission to use it. | Timestamp: 22/03/2025 19:47:43
Table: weighbridgetransactions | Error: The specified schema name "kenloadv2" either does not exist or you do not have permission to use it. | Timestamp: 22/03/2025 19:47:44
Table: weighbridgetransactions | Error: The specified schema name "kenloadv2" either does not exist or you do not have permission to use it. | Timestamp: 22/03/2025 19:47:44
Table: weighbridgetransactions | Error: The specified schema name "kenloadv2" either does not exist or you do not have permission to use it. | Timestamp: 22/03/2025 19:47:44
Table: weighbridgetransactions | Error: The specified schema name "kenloadv2" either does not exist or you do not have permission to use it. | Timestamp: 22/03/2025 19:47:45
Table: weighbridgetransactions | Error: The specified schema name "kenloadv2" either does not exist or you do not have permission to use it. | Timestamp: 22/03/2025 19:47:45
Table: weighbridgetransactions | Error: The specified schema name "kenloadv2" either does not exist or you do not have permission to use it. | Timestamp: 22/03/2025 19:47:45
Table: weighbridgetransactions | Error: The specified schema name "kenloadv2" either does not exist or you do not have permission to use it. | Timestamp: 22/03/2025 19:47:46
Table: weighbridgetransactions | Error: The specified schema name "kenloadv2" either does not exist or you do not have permission to use it. | Timestamp: 22/03/2025 19:47:46
Table: weighbridgetransactions | Error: The specified schema name "kenloadv2" either does not exist or you do not have permission to use it. | Timestamp: 22/03/2025 19:47:46
Table: weighbridgetransactions | Error: The specified schema name "kenloadv2" either does not exist or you do not have permission to use it. | Timestamp: 22/03/2025 19:47:46
Table: weighbridgetransactions | Error: The specified schema name "kenloadv2" either does not exist or you do not have permission to use it. | Timestamp: 22/03/2025 19:47:47
Table: weighbridgetransactions | Error: The specified schema name "kenloadv2" either does not exist or you do not have permission to use it. | Timestamp: 22/03/2025 19:47:47
Table: weighbridgetransactions | Error: The specified schema name "kenloadv2" either does not exist or you do not have permission to use it. | Timestamp: 22/03/2025 19:47:47
Table: weighbridgetransactions | Error: The specified schema name "kenloadv2" either does not exist or you do not have permission to use it. | Timestamp: 22/03/2025 19:47:48
Table: weighbridgetransactions | Error: The specified schema name "kenloadv2" either does not exist or you do not have permission to use it. | Timestamp: 22/03/2025 19:47:48
Table: weighbridgetransactions | Error: The specified schema name "kenloadv2" either does not exist or you do not have permission to use it. | Timestamp: 22/03/2025 19:47:48
Table: weighbridgetransactions | Error: The specified schema name "kenloadv2" either does not exist or you do not have permission to use it. | Timestamp: 22/03/2025 19:47:49
Table: weighbridgetransactions | Error: The specified schema name "kenloadv2" either does not exist or you do not have permission to use it. | Timestamp: 22/03/2025 19:47:49
Table: weighbridgetransactions | Error: The specified schema name "kenloadv2" either does not exist or you do not have permission to use it. | Timestamp: 22/03/2025 19:47:49
Table: weighbridgetransactions | Error: The specified schema name "kenloadv2" either does not exist or you do not have permission to use it. | Timestamp: 22/03/2025 19:47:50
Table: weighbridgetransactions | Error: The specified schema name "kenloadv2" either does not exist or you do not have permission to use it. | Timestamp: 22/03/2025 19:47:50
Table: weighbridgetransactions | Error: The specified schema name "kenloadv2" either does not exist or you do not have permission to use it. | Timestamp: 22/03/2025 19:47:50
Table: weighbridgetransactions | Error: The specified schema name "kenloadv2" either does not exist or you do not have permission to use it. | Timestamp: 22/03/2025 19:47:51
Table: weighbridgetransactions | Error: The specified schema name "kenloadv2" either does not exist or you do not have permission to use it. | Timestamp: 22/03/2025 19:47:51
Table: weighbridgetransactions | Error: The specified schema name "kenloadv2" either does not exist or you do not have permission to use it. | Timestamp: 22/03/2025 19:47:51
Table: weighbridgetransactions | Error: The specified schema name "kenloadv2" either does not exist or you do not have permission to use it. | Timestamp: 22/03/2025 19:47:52
Table: weighbridgetransactions | Error: The specified schema name "kenloadv2" either does not exist or you do not have permission to use it. | Timestamp: 22/03/2025 19:47:52
Table: weighbridgetransactions | Error: The specified schema name "kenloadv2" either does not exist or you do not have permission to use it. | Timestamp: 22/03/2025 19:47:52
Table: weighbridgetransactions | Error: The specified schema name "kenloadv2" either does not exist or you do not have permission to use it. | Timestamp: 22/03/2025 19:47:53
Table: weighbridgetransactions | Error: The specified schema name "kenloadv2" either does not exist or you do not have permission to use it. | Timestamp: 22/03/2025 19:47:53
Table: weighbridgetransactions | Error: The specified schema name "kenloadv2" either does not exist or you do not have permission to use it. | Timestamp: 22/03/2025 19:47:53
Table: weighbridgetransactions | Error: The specified schema name "kenloadv2" either does not exist or you do not have permission to use it. | Timestamp: 22/03/2025 19:47:54
Table: weighbridgetransactions | Error: The specified schema name "kenloadv2" either does not exist or you do not have permission to use it. | Timestamp: 22/03/2025 19:47:54
Table: weighbridgetransactions | Error: The specified schema name "kenloadv2" either does not exist or you do not have permission to use it. | Timestamp: 22/03/2025 19:47:54
Table: weighbridgetransactions | Error: The specified schema name "kenloadv2" either does not exist or you do not have permission to use it. | Timestamp: 22/03/2025 19:47:55
Table: weighbridgetransactions | Error: The specified schema name "kenloadv2" either does not exist or you do not have permission to use it. | Timestamp: 22/03/2025 19:47:55
Table: weighbridgetransactions | Error: The specified schema name "kenloadv2" either does not exist or you do not have permission to use it. | Timestamp: 22/03/2025 19:47:56
Table: weighbridgetransactions | Error: The specified schema name "kenloadv2" either does not exist or you do not have permission to use it. | Timestamp: 22/03/2025 19:47:56
Table: weighbridgetransactions | Error: The specified schema name "kenloadv2" either does not exist or you do not have permission to use it. | Timestamp: 22/03/2025 19:47:56
Table: weighbridgetransactions | Error: The specified schema name "kenloadv2" either does not exist or you do not have permission to use it. | Timestamp: 22/03/2025 19:47:57
Table: weighbridgetransactions | Error: The specified schema name "kenloadv2" either does not exist or you do not have permission to use it. | Timestamp: 22/03/2025 19:47:57
Table: weighbridgetransactions | Error: The specified schema name "kenloadv2" either does not exist or you do not have permission to use it. | Timestamp: 22/03/2025 19:47:57
Table: weighbridgetransactions | Error: The specified schema name "kenloadv2" either does not exist or you do not have permission to use it. | Timestamp: 22/03/2025 19:47:58
Table: weighbridgetransactions | Error: The specified schema name "kenloadv2" either does not exist or you do not have permission to use it. | Timestamp: 22/03/2025 19:47:58
Table: weighbridgetransactions | Error: The specified schema name "kenloadv2" either does not exist or you do not have permission to use it. | Timestamp: 22/03/2025 19:47:59
Table: weighbridgetransactions | Error: The specified schema name "kenloadv2" either does not exist or you do not have permission to use it. | Timestamp: 22/03/2025 19:47:59
Table: weighbridgetransactions | Error: The specified schema name "kenloadv2" either does not exist or you do not have permission to use it. | Timestamp: 22/03/2025 19:47:59
Table: weighbridgetransactions | Error: The specified schema name "kenloadv2" either does not exist or you do not have permission to use it. | Timestamp: 22/03/2025 19:48:00
Table: weighbridgetransactions | Error: The specified schema name "kenloadv2" either does not exist or you do not have permission to use it. | Timestamp: 22/03/2025 19:48:00
Table: weighbridgetransactions | Error: The specified schema name "kenloadv2" either does not exist or you do not have permission to use it. | Timestamp: 22/03/2025 19:48:00
Table: weighbridgetransactions | Error: The specified schema name "kenloadv2" either does not exist or you do not have permission to use it. | Timestamp: 22/03/2025 19:48:01
Table: weighbridgetransactions | Error: The specified schema name "kenloadv2" either does not exist or you do not have permission to use it. | Timestamp: 22/03/2025 19:48:01
Table: weighbridgetransactions | Error: The specified schema name "kenloadv2" either does not exist or you do not have permission to use it. | Timestamp: 22/03/2025 19:48:02
Table: weighbridgetransactions | Error: The specified schema name "kenloadv2" either does not exist or you do not have permission to use it. | Timestamp: 22/03/2025 19:48:02
Table: weighbridgetransactions | Error: The specified schema name "kenloadv2" either does not exist or you do not have permission to use it. | Timestamp: 22/03/2025 19:48:02
Table: weighbridgetransactions | Error: The specified schema name "kenloadv2" either does not exist or you do not have permission to use it. | Timestamp: 22/03/2025 19:48:03
Table: weighbridgetransactions | Error: The specified schema name "kenloadv2" either does not exist or you do not have permission to use it. | Timestamp: 22/03/2025 19:48:03
Table: weighbridgetransactions | Error: The specified schema name "kenloadv2" either does not exist or you do not have permission to use it. | Timestamp: 22/03/2025 19:48:04
Table: weighbridgetransactions | Error: The specified schema name "kenloadv2" either does not exist or you do not have permission to use it. | Timestamp: 22/03/2025 19:48:04
Table: weighbridgetransactions | Error: The specified schema name "kenloadv2" either does not exist or you do not have permission to use it. | Timestamp: 22/03/2025 19:48:04
Table: weighbridgetransactions | Error: The specified schema name "kenloadv2" either does not exist or you do not have permission to use it. | Timestamp: 22/03/2025 19:48:05
Table: weighbridgetransactions | Error: The specified schema name "kenloadv2" either does not exist or you do not have permission to use it. | Timestamp: 22/03/2025 19:48:05
Table: weighbridgetransactions | Error: The specified schema name "kenloadv2" either does not exist or you do not have permission to use it. | Timestamp: 22/03/2025 19:48:05
Table: weighbridgetransactions | Error: The specified schema name "kenloadv2" either does not exist or you do not have permission to use it. | Timestamp: 22/03/2025 19:48:06
Table: weighbridgetransactions | Error: The specified schema name "kenloadv2" either does not exist or you do not have permission to use it. | Timestamp: 22/03/2025 19:48:06
Table: weighbridgetransactions | Error: The specified schema name "kenloadv2" either does not exist or you do not have permission to use it. | Timestamp: 22/03/2025 19:48:07
Table: weighbridgetransactions | Error: The specified schema name "kenloadv2" either does not exist or you do not have permission to use it. | Timestamp: 22/03/2025 19:48:07
Table: weighbridgetransactions | Error: The specified schema name "kenloadv2" either does not exist or you do not have permission to use it. | Timestamp: 22/03/2025 19:48:07
Table: weighbridgetransactions | Error: The specified schema name "kenloadv2" either does not exist or you do not have permission to use it. | Timestamp: 22/03/2025 19:48:08
Table: weighbridgetransactions | Error: The specified schema name "kenloadv2" either does not exist or you do not have permission to use it. | Timestamp: 22/03/2025 19:48:08
Table: weighbridgetransactions | Error: The specified schema name "kenloadv2" either does not exist or you do not have permission to use it. | Timestamp: 22/03/2025 19:48:09
Table: weighbridgetransactions | Error: The specified schema name "kenloadv2" either does not exist or you do not have permission to use it. | Timestamp: 22/03/2025 19:48:09
Table: weighbridgetransactions | Error: The specified schema name "kenloadv2" either does not exist or you do not have permission to use it. | Timestamp: 22/03/2025 19:48:09
Table: weighbridgetransactions | Error: The specified schema name "kenloadv2" either does not exist or you do not have permission to use it. | Timestamp: 22/03/2025 19:48:10
Table: weighbridgetransactions | Error: The specified schema name "kenloadv2" either does not exist or you do not have permission to use it. | Timestamp: 22/03/2025 19:48:10
Table: weighbridgetransactions | Error: The specified schema name "kenloadv2" either does not exist or you do not have permission to use it. | Timestamp: 22/03/2025 19:48:11
Table: weighbridgetransactions | Error: The specified schema name "kenloadv2" either does not exist or you do not have permission to use it. | Timestamp: 22/03/2025 19:48:11
Table: weighbridgetransactions | Error: The specified schema name "kenloadv2" either does not exist or you do not have permission to use it. | Timestamp: 22/03/2025 19:48:12
Table: weighbridgetransactions | Error: The specified schema name "kenloadv2" either does not exist or you do not have permission to use it. | Timestamp: 22/03/2025 19:48:12
Table: weighbridgetransactions | Error: The specified schema name "kenloadv2" either does not exist or you do not have permission to use it. | Timestamp: 22/03/2025 19:48:12
Table: weighbridgetransactions | Error: The specified schema name "kenloadv2" either does not exist or you do not have permission to use it. | Timestamp: 22/03/2025 19:48:13
Table: weighbridgetransactions | Error: The specified schema name "kenloadv2" either does not exist or you do not have permission to use it. | Timestamp: 22/03/2025 19:48:13
Table: weighbridgetransactions | Error: The specified schema name "kenloadv2" either does not exist or you do not have permission to use it. | Timestamp: 22/03/2025 19:48:14
Table: weighbridgetransactions | Error: The specified schema name "kenloadv2" either does not exist or you do not have permission to use it. | Timestamp: 22/03/2025 19:48:14
Table: weighbridgetransactions | Error: The specified schema name "kenloadv2" either does not exist or you do not have permission to use it. | Timestamp: 22/03/2025 19:48:14
Table: weighbridgetransactions | Error: The specified schema name "kenloadv2" either does not exist or you do not have permission to use it. | Timestamp: 22/03/2025 19:48:15
Table: weighbridgetransactions | Error: The specified schema name "kenloadv2" either does not exist or you do not have permission to use it. | Timestamp: 22/03/2025 19:48:15
Table: weighbridgetransactions | Error: The specified schema name "kenloadv2" either does not exist or you do not have permission to use it. | Timestamp: 22/03/2025 19:48:15
Table: weighbridgetransactions | Error: The specified schema name "kenloadv2" either does not exist or you do not have permission to use it. | Timestamp: 22/03/2025 19:48:15
Table: weighbridgetransactions | Error: The specified schema name "kenloadv2" either does not exist or you do not have permission to use it. | Timestamp: 22/03/2025 19:48:16
Table: weighbridgetransactions | Error: The specified schema name "kenloadv2" either does not exist or you do not have permission to use it. | Timestamp: 22/03/2025 19:48:16
Table: weighbridgetransactions | Error: The specified schema name "kenloadv2" either does not exist or you do not have permission to use it. | Timestamp: 22/03/2025 19:48:16
Table: weighbridgetransactions | Error: The specified schema name "kenloadv2" either does not exist or you do not have permission to use it. | Timestamp: 22/03/2025 19:48:17
Table: weighbridgetransactions | Error: The specified schema name "kenloadv2" either does not exist or you do not have permission to use it. | Timestamp: 22/03/2025 19:48:17
Table: weighbridgetransactions | Error: The specified schema name "kenloadv2" either does not exist or you do not have permission to use it. | Timestamp: 22/03/2025 19:48:18
Table: weighbridgetransactions | Error: The specified schema name "kenloadv2" either does not exist or you do not have permission to use it. | Timestamp: 22/03/2025 19:48:18
Table: weighbridgetransactions | Error: The specified schema name "kenloadv2" either does not exist or you do not have permission to use it. | Timestamp: 22/03/2025 19:48:18
Table: weighbridgetransactions | Error: The specified schema name "kenloadv2" either does not exist or you do not have permission to use it. | Timestamp: 22/03/2025 19:48:18
Table: weighbridgetransactions | Error: The specified schema name "kenloadv2" either does not exist or you do not have permission to use it. | Timestamp: 22/03/2025 19:48:19
Table: weighbridgetransactions | Error: The specified schema name "kenloadv2" either does not exist or you do not have permission to use it. | Timestamp: 22/03/2025 19:48:19
Table: weighbridgetransactions | Error: The specified schema name "kenloadv2" either does not exist or you do not have permission to use it. | Timestamp: 22/03/2025 19:48:19
Table: weighbridgetransactions | Error: The specified schema name "kenloadv2" either does not exist or you do not have permission to use it. | Timestamp: 22/03/2025 19:48:20
Table: weighbridgetransactions | Error: The specified schema name "kenloadv2" either does not exist or you do not have permission to use it. | Timestamp: 22/03/2025 19:48:20
Table: weighbridgetransactions | Error: The specified schema name "kenloadv2" either does not exist or you do not have permission to use it. | Timestamp: 22/03/2025 19:48:20
Table: weighbridgetransactions | Error: The specified schema name "kenloadv2" either does not exist or you do not have permission to use it. | Timestamp: 22/03/2025 19:48:20
Table: weighbridgetransactions | Error: The specified schema name "kenloadv2" either does not exist or you do not have permission to use it. | Timestamp: 22/03/2025 19:48:21
Table: weighbridgetransactions | Error: The specified schema name "kenloadv2" either does not exist or you do not have permission to use it. | Timestamp: 22/03/2025 19:48:21
Table: weighbridgetransactions | Error: The specified schema name "kenloadv2" either does not exist or you do not have permission to use it. | Timestamp: 22/03/2025 19:48:21
Table: weighbridgetransactions | Error: The specified schema name "kenloadv2" either does not exist or you do not have permission to use it. | Timestamp: 22/03/2025 19:48:22
Table: weighbridgetransactions | Error: The specified schema name "kenloadv2" either does not exist or you do not have permission to use it. | Timestamp: 22/03/2025 19:48:22
Table: weighbridgetransactions | Error: The specified schema name "kenloadv2" either does not exist or you do not have permission to use it. | Time